10:42:53 **** Auto Build of configuration Debug for project tpg ****
make pre-build main-build 
a9-linaro-pre-build-step
 
Building file: ../src/main.c
Invoking: ARM v7 gcc compiler
arm-none-eabi-gcc -Wall -O0 -g3 -c -fmessage-length=0 -MT"src/main.o" -mcpu=cortex-a9 -mfpu=vfpv3 -mfloat-abi=hard -I../../tpg_bsp/ps7_cortexa9_0/include -MMD -MP -MF"src/main.d" -MT"src/main.o" -o "src/main.o" "../src/main.c"
Finished building: ../src/main.c
 
Building target: tpg.elf
Invoking: ARM v7 gcc linker
arm-none-eabi-gcc -mcpu=cortex-a9 -mfpu=vfpv3 -mfloat-abi=hard -Wl,-build-id=none -specs=Xilinx.spec -Wl,-T -Wl,../src/lscript.ld -L../../tpg_bsp/ps7_cortexa9_0/lib -o "tpg.elf"  ./src/main.o ./src/platform.o   -Wl,--start-group,-lxil,-lgcc,-lc,--end-group
Finished building target: tpg.elf
 
Invoking: ARM v7 Print Size
arm-none-eabi-size tpg.elf  |tee "tpg.elf.size"
   text	   data	    bss	    dec	    hex	filename
  79272	   2620	  23344	 105236	  19b14	tpg.elf
Finished building: tpg.elf.size
 

10:42:53 Build Finished (took 172ms)

